1 : I -> {1, 4}
|
+- 2 : U -> {1, 2, 3, 4}
|  |
   +- 3 : {1, 2} -> {1, 2}
|  |
   +- 4 : {3, 4} -> {3, 4}
|
+- 5 : {1, 4} -> {1, 4}