1 : I -> {2, 4}
|
+- 2 : {1, 2, 3, 4} -> {1, 2, 3, 4}
|
+- 3 : {2, 4, 6, 8} -> {2, 4, 6, 8}