1 : U -> {1, 2, 7, 8, 9}
|
+- 2 : {1, 2} -> {1, 2}
|
+- 3 : {7, 8, 9} -> {7, 8, 9}