1 : U -> {1, 7, 8, 9}
|
+- 2 : I -> {}
|  |
   +- 3 : {1, 2, 3} -> {1, 2, 3}
|  |
   +- 4 : {5, 6, 7} -> {5, 6, 7}
|
+- 5 : U -> {1, 7, 8, 9}
|  |
   +- 6 : {1} -> {1}
|  |
   +- 7 : {7, 8, 9} -> {7, 8, 9}